[ERR] (node:10948) [MONGOOSE] Warning: Duplicate schema index on {"slug":1} found. This is often due to declaring an index using both "index: true" and "schema.index()". Please remove the duplicate index definition.
(Use `node --trace-warnings ...` to show where the warning was created)
[LOG] [DEBUG authController] Login attempt for: superadmin@medicalink.com
[LOG] [DEBUG authController] Initial tenantDb set? false
[LOG] [DEBUG authController] Defaulting to main DB: medicalink_main
[LOG] [DEBUG authService] Checking user: superadmin@medicalink.com
[LOG] [DEBUG authService] Password is valid? false
[LOG] [DEBUG authController] Login attempt for: admin@cityhospital.com
[LOG] [DEBUG authController] Initial tenantDb set? false
[LOG] [DEBUG authController] Defaulting to main DB: medicalink_main
[LOG] [DEBUG authService] Checking user: admin@cityhospital.com
[LOG] [DEBUG authService] User not found
[LOG] [DEBUG authController] Login attempt for: admin@cityhospital.com
[LOG] [DEBUG authController] Initial tenantDb set? false
[LOG] [DEBUG authController] Defaulting to main DB: medicalink_main
[LOG] [DEBUG authService] Checking user: admin@cityhospital.com
[LOG] [DEBUG authService] User not found
[ERR] (node:1196) [MONGOOSE] Warning: Duplicate schema index on {"slug":1} found. This is often due to declaring an index using both "index: true" and "schema.index()". Please remove the duplicate index definition.
(Use `node --trace-warnings ...` to show where the warning was created)
[LOG] [DEBUG authController] Login attempt for: superadmin@medicalink.com
[LOG] [DEBUG authController] Initial tenantDb set? false
[LOG] [DEBUG authController] Defaulting to main DB: MedicaLink-HMS
[LOG] [DEBUG authService] Checking user: superadmin@medicalink.com
[LOG] [DEBUG authService] Password is valid? true
[LOG] [DEBUG authController] Login attempt for: admin@cityhospital.com
[LOG] [DEBUG authController] Initial tenantDb set? false
[LOG] [DEBUG authController] Resolved tenantDb from email: medicalink_cityhospital
[LOG] [DEBUG authService] Checking user: admin@cityhospital.com
[LOG] [DEBUG authService] Password is valid? true
[LOG] [DEBUG authController] Login attempt for: admin@cityhospital.com
[LOG] [DEBUG authController] Initial tenantDb set? false
[LOG] [DEBUG authController] Resolved tenantDb from email: medicalink_cityhospital
[LOG] [DEBUG authService] Checking user: admin@cityhospital.com
[LOG] [DEBUG authService] Password is valid? false
[LOG] [DEBUG authController] Login attempt for: admin@cityhospital.com
[LOG] [DEBUG authController] Initial tenantDb set? false
[LOG] [DEBUG authController] Resolved tenantDb from email: medicalink_cityhospital
[LOG] [DEBUG authService] Checking user: admin@cityhospital.com
[LOG] [DEBUG authService] Password is valid? true
[LOG] [DEBUG authController] Login attempt for: admin@cityhospital.com
[LOG] [DEBUG authController] Initial tenantDb set? false
[LOG] [DEBUG authController] Resolved tenantDb from email: medicalink_cityhospital
[LOG] [DEBUG authService] Checking user: admin@cityhospital.com
[LOG] [DEBUG authService] Password is valid? true
[LOG] [DEBUG authController] Login attempt for: superadmin@medicalink.com
[LOG] [DEBUG authController] Initial tenantDb set? false
[LOG] [DEBUG authController] Defaulting to main DB: MedicaLink-HMS
[LOG] [DEBUG authService] Checking user: superadmin@medicalink.com
[LOG] [DEBUG authService] Password is valid? false
[ERR] (node:13096) [MONGOOSE] Warning: Duplicate schema index on {"slug":1} found. This is often due to declaring an index using both "index: true" and "schema.index()". Please remove the duplicate index definition.
(Use `node --trace-warnings ...` to show where the warning was created)
[ERR] (node:10980) [MONGOOSE] Warning: Duplicate schema index on {"slug":1} found. This is often due to declaring an index using both "index: true" and "schema.index()". Please remove the duplicate index definition.
(Use `node --trace-warnings ...` to show where the warning was created)
[LOG] [DEBUG authController] Login attempt for: superadmin@medicalink.com
[LOG] [DEBUG authController] Initial tenantDb set? false
[LOG] [DEBUG authController] Defaulting to main DB: medicalink_main
[LOG] [DEBUG authService] Checking user: superadmin@medicalink.com
[LOG] [DEBUG authService] Password is valid? true
[LOG] [DEBUG authController] Login attempt for: admin@cityhospital.com
[LOG] [DEBUG authController] Initial tenantDb set? false
[LOG] [DEBUG authController] Defaulting to main DB: medicalink_main
[LOG] [DEBUG authService] Checking user: admin@cityhospital.com
[LOG] [DEBUG authService] User not found
[LOG] [DEBUG authController] Login attempt for: superadmin@medicalink.com
[LOG] [DEBUG authController] Initial tenantDb set? false
[LOG] [DEBUG authController] Defaulting to main DB: medicalink_main
[LOG] [DEBUG authService] Checking user: superadmin@medicalink.com
[LOG] [DEBUG authService] Password is valid? false
[LOG] [DEBUG authController] Login attempt for: superadmin@medicalink.com
[LOG] [DEBUG authController] Initial tenantDb set? false
[LOG] [DEBUG authController] Defaulting to main DB: medicalink_main
[LOG] [DEBUG authService] Checking user: superadmin@medicalink.com
[LOG] [DEBUG authService] Password is valid? false
[LOG] [DEBUG authController] Login attempt for: superadmin@medicalink.com
[LOG] [DEBUG authController] Initial tenantDb set? false
[LOG] [DEBUG authController] Defaulting to main DB: medicalink_main
[LOG] [DEBUG authService] Checking user: superadmin@medicalink.com
[LOG] [DEBUG authService] Password is valid? false
[LOG] [DEBUG authController] Login attempt for: admin@hospital.com
[LOG] [DEBUG authController] Initial tenantDb set? false
[LOG] [DEBUG authController] Defaulting to main DB: medicalink_main
[LOG] [DEBUG authService] Checking user: admin@hospital.com
[LOG] [DEBUG authService] User not found
[LOG] [DEBUG authController] Login attempt for: superadmin@medicalink.com
[LOG] [DEBUG authController] Initial tenantDb set? false
[LOG] [DEBUG authController] Defaulting to main DB: medicalink_main
[LOG] [DEBUG authService] Checking user: superadmin@medicalink.com
[LOG] [DEBUG authService] Password is valid? true
[ERR] (node:11800) [MONGOOSE] Warning: Duplicate schema index on {"slug":1} found. This is often due to declaring an index using both "index: true" and "schema.index()". Please remove the duplicate index definition.
(Use `node --trace-warnings ...` to show where the warning was created)
[ERR] (node:12900) [MONGOOSE] Warning: Duplicate schema index on {"slug":1} found. This is often due to declaring an index using both "index: true" and "schema.index()". Please remove the duplicate index definition.
(Use `node --trace-warnings ...` to show where the warning was created)
[ERR] (node:14020) [MONGOOSE] Warning: Duplicate schema index on {"slug":1} found. This is often due to declaring an index using both "index: true" and "schema.index()". Please remove the duplicate index definition.
(Use `node --trace-warnings ...` to show where the warning was created)
[LOG] [DEBUG authController] Login attempt for: superadmin@medicalink.com
[LOG] [DEBUG authController] Initial tenantDb set? false
[LOG] [DEBUG authController] Defaulting to main DB: medicalink_main
[LOG] [DEBUG authService] Checking user: superadmin@medicalink.com
[LOG] [DEBUG authService] Password is valid? true
[LOG] [DEBUG authController] Login attempt for: superadmin@medicalink.com
[LOG] [DEBUG authController] Initial tenantDb set? false
[LOG] [DEBUG authController] Defaulting to main DB: medicalink_main
[LOG] [DEBUG authService] Checking user: superadmin@medicalink.com
[LOG] [DEBUG authService] Password is valid? true
[ERR] (node:14700) [MONGOOSE] Warning: Duplicate schema index on {"slug":1} found. This is often due to declaring an index using both "index: true" and "schema.index()". Please remove the duplicate index definition.
(Use `node --trace-warnings ...` to show where the warning was created)
[ERR] (node:14700) [MONGOOSE] Warning: Duplicate schema index on {"uhid":1} found. This is often due to declaring an index using both "index: true" and "schema.index()". Please remove the duplicate index definition.
[ERR] (node:14700) [MONGOOSE] Warning: Duplicate schema index on {"phone":1} found. This is often due to declaring an index using both "index: true" and "schema.index()". Please remove the duplicate index definition.
[LOG] [DEBUG authController] Login attempt for: superadmin@medicalink.com
[LOG] [DEBUG authController] Initial tenantDb set? false
[LOG] [DEBUG authController] Defaulting to main DB: medicalink_main
[LOG] [DEBUG authService] Checking user: superadmin@medicalink.com
[LOG] [DEBUG authService] Password is valid? false
[LOG] [DEBUG authController] Login attempt for: superadmin@medicalink.com
[LOG] [DEBUG authController] Initial tenantDb set? false
[LOG] [DEBUG authController] Defaulting to main DB: medicalink_main
[LOG] [DEBUG authService] Checking user: superadmin@medicalink.com
[LOG] [DEBUG authService] Password is valid? false
[LOG] [DEBUG authController] Login attempt for: superadmin@medicalink.com
[LOG] [DEBUG authController] Initial tenantDb set? false
[LOG] [DEBUG authController] Defaulting to main DB: medicalink_main
[LOG] [DEBUG authService] Checking user: superadmin@medicalink.com
[LOG] [DEBUG authService] Password is valid? false
[ERR] (node:18040) [MONGOOSE] Warning: Duplicate schema index on {"slug":1} found. This is often due to declaring an index using both "index: true" and "schema.index()". Please remove the duplicate index definition.
(Use `node --trace-warnings ...` to show where the warning was created)
[ERR] (node:18040) [MONGOOSE] Warning: Duplicate schema index on {"uhid":1} found. This is often due to declaring an index using both "index: true" and "schema.index()". Please remove the duplicate index definition.
[ERR] (node:18040) [MONGOOSE] Warning: Duplicate schema index on {"phone":1} found. This is often due to declaring an index using both "index: true" and "schema.index()". Please remove the duplicate index definition.
[ERR] (node:1460) [MONGOOSE] Warning: Duplicate schema index on {"slug":1} found. This is often due to declaring an index using both "index: true" and "schema.index()". Please remove the duplicate index definition.
(Use `node --trace-warnings ...` to show where the warning was created)
[ERR] (node:1460) [MONGOOSE] Warning: Duplicate schema index on {"uhid":1} found. This is often due to declaring an index using both "index: true" and "schema.index()". Please remove the duplicate index definition.
[ERR] (node:1460) [MONGOOSE] Warning: Duplicate schema index on {"phone":1} found. This is often due to declaring an index using both "index: true" and "schema.index()". Please remove the duplicate index definition.
[LOG] [DEBUG authController] Login attempt for: superadmin@medicalink.com
[LOG] [DEBUG authController] Initial tenantDb set? false
[LOG] [DEBUG authController] Defaulting to main DB: medicalink_main
[LOG] [DEBUG authService] Checking user: superadmin@medicalink.com
[LOG] [DEBUG authService] Password is valid? true
[LOG] [DEBUG authController] Login attempt for: superadmin@medicalink.com
[LOG] [DEBUG authController] Initial tenantDb set? false
[LOG] [DEBUG authController] Defaulting to main DB: medicalink_main
[LOG] [DEBUG authService] Checking user: superadmin@medicalink.com
[LOG] [DEBUG authService] Password is valid? true
[LOG] [DEBUG authController] Login attempt for: superadmin@medicalink.com
[LOG] [DEBUG authController] Initial tenantDb set? false
[LOG] [DEBUG authController] Defaulting to main DB: medicalink_main
[LOG] [DEBUG authService] Checking user: superadmin@medicalink.com
[LOG] [DEBUG authService] Password is valid? true
[ERR] (node:2528) [MONGOOSE] Warning: Duplicate schema index on {"slug":1} found. This is often due to declaring an index using both "index: true" and "schema.index()". Please remove the duplicate index definition.
(Use `node --trace-warnings ...` to show where the warning was created)
[ERR] (node:2528) [MONGOOSE] Warning: Duplicate schema index on {"uhid":1} found. This is often due to declaring an index using both "index: true" and "schema.index()". Please remove the duplicate index definition.
[ERR] (node:2528) [MONGOOSE] Warning: Duplicate schema index on {"phone":1} found. This is often due to declaring an index using both "index: true" and "schema.index()". Please remove the duplicate index definition.
[LOG] [DEBUG authController] Login attempt for: admin@cityhospital.com
[LOG] [DEBUG authController] Initial tenantDb set? false
[LOG] [DEBUG authController] Resolved tenantDb from email: medicalink_cityhospital
[LOG] [DEBUG authService] Checking user: admin@cityhospital.com
[LOG] [DEBUG authService] Password is valid? true
[LOG] [DEBUG authController] Login attempt for: admin@cityhospital.com
[LOG] [DEBUG authController] Initial tenantDb set? false
[LOG] [DEBUG authController] Resolved tenantDb from email: medicalink_cityhospital
[LOG] [DEBUG authService] Checking user: admin@cityhospital.com
[LOG] [DEBUG authService] Password is valid? true
[ERR] (node:13304) [MONGOOSE] Warning: Duplicate schema index on {"slug":1} found. This is often due to declaring an index using both "index: true" and "schema.index()". Please remove the duplicate index definition.
(Use `node --trace-warnings ...` to show where the warning was created)
[ERR] (node:13304) [MONGOOSE] Warning: Duplicate schema index on {"uhid":1} found. This is often due to declaring an index using both "index: true" and "schema.index()". Please remove the duplicate index definition.
[ERR] (node:13304) [MONGOOSE] Warning: Duplicate schema index on {"phone":1} found. This is often due to declaring an index using both "index: true" and "schema.index()". Please remove the duplicate index definition.
[ERR] (node:5968) [MONGOOSE] Warning: Duplicate schema index on {"slug":1} found. This is often due to declaring an index using both "index: true" and "schema.index()". Please remove the duplicate index definition.
(Use `node --trace-warnings ...` to show where the warning was created)
[ERR] (node:5968) [MONGOOSE] Warning: Duplicate schema index on {"uhid":1} found. This is often due to declaring an index using both "index: true" and "schema.index()". Please remove the duplicate index definition.
[ERR] (node:5968) [MONGOOSE] Warning: Duplicate schema index on {"phone":1} found. This is often due to declaring an index using both "index: true" and "schema.index()". Please remove the duplicate index definition.
[ERR] (node:13824) [MONGOOSE] Warning: Duplicate schema index on {"slug":1} found. This is often due to declaring an index using both "index: true" and "schema.index()". Please remove the duplicate index definition.
(Use `node --trace-warnings ...` to show where the warning was created)
[ERR] (node:13824) [MONGOOSE] Warning: Duplicate schema index on {"uhid":1} found. This is often due to declaring an index using both "index: true" and "schema.index()". Please remove the duplicate index definition.
[ERR] (node:13824) [MONGOOSE] Warning: Duplicate schema index on {"phone":1} found. This is often due to declaring an index using both "index: true" and "schema.index()". Please remove the duplicate index definition.
[ERR] (node:16368) [MONGOOSE] Warning: Duplicate schema index on {"slug":1} found. This is often due to declaring an index using both "index: true" and "schema.index()". Please remove the duplicate index definition.
(Use `node --trace-warnings ...` to show where the warning was created)
[ERR] (node:16368) [MONGOOSE] Warning: Duplicate schema index on {"uhid":1} found. This is often due to declaring an index using both "index: true" and "schema.index()". Please remove the duplicate index definition.
[ERR] (node:16368) [MONGOOSE] Warning: Duplicate schema index on {"phone":1} found. This is often due to declaring an index using both "index: true" and "schema.index()". Please remove the duplicate index definition.
[ERR] (node:15804) [MONGOOSE] Warning: Duplicate schema index on {"slug":1} found. This is often due to declaring an index using both "index: true" and "schema.index()". Please remove the duplicate index definition.
(Use `node --trace-warnings ...` to show where the warning was created)
[ERR] (node:15804) [MONGOOSE] Warning: Duplicate schema index on {"uhid":1} found. This is often due to declaring an index using both "index: true" and "schema.index()". Please remove the duplicate index definition.
[ERR] (node:15804) [MONGOOSE] Warning: Duplicate schema index on {"phone":1} found. This is often due to declaring an index using both "index: true" and "schema.index()". Please remove the duplicate index definition.
[ERR] (node:3832) [MONGOOSE] Warning: Duplicate schema index on {"slug":1} found. This is often due to declaring an index using both "index: true" and "schema.index()". Please remove the duplicate index definition.
(Use `node --trace-warnings ...` to show where the warning was created)
[ERR] (node:3832) [MONGOOSE] Warning: Duplicate schema index on {"uhid":1} found. This is often due to declaring an index using both "index: true" and "schema.index()". Please remove the duplicate index definition.
[ERR] (node:3832) [MONGOOSE] Warning: Duplicate schema index on {"phone":1} found. This is often due to declaring an index using both "index: true" and "schema.index()". Please remove the duplicate index definition.
[ERR] (node:5588) [MONGOOSE] Warning: Duplicate schema index on {"slug":1} found. This is often due to declaring an index using both "index: true" and "schema.index()". Please remove the duplicate index definition.
(Use `node --trace-warnings ...` to show where the warning was created)
[ERR] (node:5588) [MONGOOSE] Warning: Duplicate schema index on {"uhid":1} found. This is often due to declaring an index using both "index: true" and "schema.index()". Please remove the duplicate index definition.
[ERR] (node:5588) [MONGOOSE] Warning: Duplicate schema index on {"phone":1} found. This is often due to declaring an index using both "index: true" and "schema.index()". Please remove the duplicate index definition.
[ERR] (node:11020) [MONGOOSE] Warning: Duplicate schema index on {"slug":1} found. This is often due to declaring an index using both "index: true" and "schema.index()". Please remove the duplicate index definition.
(Use `node --trace-warnings ...` to show where the warning was created)
[ERR] (node:11020) [MONGOOSE] Warning: Duplicate schema index on {"uhid":1} found. This is often due to declaring an index using both "index: true" and "schema.index()". Please remove the duplicate index definition.
[ERR] (node:11020) [MONGOOSE] Warning: Duplicate schema index on {"phone":1} found. This is often due to declaring an index using both "index: true" and "schema.index()". Please remove the duplicate index definition.
[ERR] (node:6644) [MONGOOSE] Warning: Duplicate schema index on {"slug":1} found. This is often due to declaring an index using both "index: true" and "schema.index()". Please remove the duplicate index definition.
(Use `node --trace-warnings ...` to show where the warning was created)
[ERR] (node:6644) [MONGOOSE] Warning: Duplicate schema index on {"uhid":1} found. This is often due to declaring an index using both "index: true" and "schema.index()". Please remove the duplicate index definition.
[ERR] (node:6644) [MONGOOSE] Warning: Duplicate schema index on {"phone":1} found. This is often due to declaring an index using both "index: true" and "schema.index()". Please remove the duplicate index definition.
[ERR] (node:8256) [MONGOOSE] Warning: Duplicate schema index on {"slug":1} found. This is often due to declaring an index using both "index: true" and "schema.index()". Please remove the duplicate index definition.
(Use `node --trace-warnings ...` to show where the warning was created)
[ERR] (node:8256) [MONGOOSE] Warning: Duplicate schema index on {"uhid":1} found. This is often due to declaring an index using both "index: true" and "schema.index()". Please remove the duplicate index definition.
[ERR] (node:8256) [MONGOOSE] Warning: Duplicate schema index on {"phone":1} found. This is often due to declaring an index using both "index: true" and "schema.index()". Please remove the duplicate index definition.
[ERR] AggregateError
[ERR] AggregateError
[ERR] AggregateError
[ERR] Error: Connection is closed.
[ERR] AggregateError
[ERR] AggregateError
[ERR] Error: Connection is closed.
[ERR] AggregateError
[ERR] AggregateError
[ERR] (node:19340) [MONGOOSE] Warning: Duplicate schema index on {"slug":1} found. This is often due to declaring an index using both "index: true" and "schema.index()". Please remove the duplicate index definition.
(Use `node --trace-warnings ...` to show where the warning was created)
[ERR] (node:19340) [MONGOOSE] Warning: Duplicate schema index on {"uhid":1} found. This is often due to declaring an index using both "index: true" and "schema.index()". Please remove the duplicate index definition.
[ERR] (node:19340) [MONGOOSE] Warning: Duplicate schema index on {"phone":1} found. This is often due to declaring an index using both "index: true" and "schema.index()". Please remove the duplicate index definition.
[ERR] AggregateError
[ERR] AggregateError
[ERR] AggregateError
[ERR] Error: Connection is closed.
[ERR] AggregateError
[ERR] AggregateError
[ERR] Error: Connection is closed.
[ERR] AggregateError
[ERR] AggregateError
[ERR] (node:16472) [MONGOOSE] Warning: Duplicate schema index on {"slug":1} found. This is often due to declaring an index using both "index: true" and "schema.index()". Please remove the duplicate index definition.
(Use `node --trace-warnings ...` to show where the warning was created)
[ERR] (node:16472) [MONGOOSE] Warning: Duplicate schema index on {"uhid":1} found. This is often due to declaring an index using both "index: true" and "schema.index()". Please remove the duplicate index definition.
[ERR] (node:16472) [MONGOOSE] Warning: Duplicate schema index on {"phone":1} found. This is often due to declaring an index using both "index: true" and "schema.index()". Please remove the duplicate index definition.
[ERR] AggregateError
[ERR] AggregateError
[ERR] AggregateError
[ERR] Error: Connection is closed.
[ERR] Error: Connection is closed.
[ERR] AggregateError
[ERR] AggregateError
[ERR] AggregateError
[ERR] AggregateError
[ERR] (node:15736) [MONGOOSE] Warning: Duplicate schema index on {"slug":1} found. This is often due to declaring an index using both "index: true" and "schema.index()". Please remove the duplicate index definition.
(Use `node --trace-warnings ...` to show where the warning was created)
[ERR] (node:15736) [MONGOOSE] Warning: Duplicate schema index on {"uhid":1} found. This is often due to declaring an index using both "index: true" and "schema.index()". Please remove the duplicate index definition.
[ERR] (node:15736) [MONGOOSE] Warning: Duplicate schema index on {"phone":1} found. This is often due to declaring an index using both "index: true" and "schema.index()". Please remove the duplicate index definition.
[ERR] AggregateError
[ERR] AggregateError
[ERR] AggregateError
[ERR] Error: Connection is closed.
[ERR] AggregateError
[ERR] AggregateError
[ERR] Error: Connection is closed.
[ERR] AggregateError
[ERR] AggregateError
[ERR] (node:15084) [MONGOOSE] Warning: Duplicate schema index on {"slug":1} found. This is often due to declaring an index using both "index: true" and "schema.index()". Please remove the duplicate index definition.
(Use `node --trace-warnings ...` to show where the warning was created)
[ERR] (node:15084) [MONGOOSE] Warning: Duplicate schema index on {"uhid":1} found. This is often due to declaring an index using both "index: true" and "schema.index()". Please remove the duplicate index definition.
[ERR] (node:15084) [MONGOOSE] Warning: Duplicate schema index on {"phone":1} found. This is often due to declaring an index using both "index: true" and "schema.index()". Please remove the duplicate index definition.
[ERR] AggregateError
[ERR] AggregateError
[ERR] AggregateError
[ERR] Error: Connection is closed.
[ERR] Error: Connection is closed.
[ERR] AggregateError
[ERR] AggregateError
[ERR] AggregateError
[ERR] AggregateError
[ERR] (node:17600) [MONGOOSE] Warning: Duplicate schema index on {"slug":1} found. This is often due to declaring an index using both "index: true" and "schema.index()". Please remove the duplicate index definition.
(Use `node --trace-warnings ...` to show where the warning was created)
[ERR] (node:17600) [MONGOOSE] Warning: Duplicate schema index on {"uhid":1} found. This is often due to declaring an index using both "index: true" and "schema.index()". Please remove the duplicate index definition.
[ERR] (node:17600) [MONGOOSE] Warning: Duplicate schema index on {"phone":1} found. This is often due to declaring an index using both "index: true" and "schema.index()". Please remove the duplicate index definition.
[ERR] AggregateError
[ERR] AggregateError
[ERR] AggregateError
[ERR] Error: Connection is closed.
[ERR] AggregateError
[ERR] AggregateError
[ERR] Error: Connection is closed.
[ERR] AggregateError
[ERR] AggregateError
[ERR] (node:15656) [MONGOOSE] Warning: Duplicate schema index on {"slug":1} found. This is often due to declaring an index using both "index: true" and "schema.index()". Please remove the duplicate index definition.
(Use `node --trace-warnings ...` to show where the warning was created)
[ERR] (node:15656) [MONGOOSE] Warning: Duplicate schema index on {"uhid":1} found. This is often due to declaring an index using both "index: true" and "schema.index()". Please remove the duplicate index definition.
[ERR] (node:15656) [MONGOOSE] Warning: Duplicate schema index on {"phone":1} found. This is often due to declaring an index using both "index: true" and "schema.index()". Please remove the duplicate index definition.
[ERR] AggregateError
[ERR] AggregateError
[ERR] AggregateError
[ERR] Error: Connection is closed.
[ERR] Error: Connection is closed.
[ERR] AggregateError
[ERR] AggregateError
[ERR] AggregateError
[ERR] AggregateError
[ERR] (node:2488) [MONGOOSE] Warning: Duplicate schema index on {"slug":1} found. This is often due to declaring an index using both "index: true" and "schema.index()". Please remove the duplicate index definition.
(Use `node --trace-warnings ...` to show where the warning was created)
[ERR] (node:2488) [MONGOOSE] Warning: Duplicate schema index on {"uhid":1} found. This is often due to declaring an index using both "index: true" and "schema.index()". Please remove the duplicate index definition.
[ERR] (node:2488) [MONGOOSE] Warning: Duplicate schema index on {"phone":1} found. This is often due to declaring an index using both "index: true" and "schema.index()". Please remove the duplicate index definition.
[ERR] AggregateError
[ERR] Error: Connection is closed.
[ERR] AggregateError
[ERR] AggregateError
[ERR] Error: Connection is closed.
[ERR] AggregateError
[ERR] AggregateError
[ERR] AggregateError
[ERR] AggregateError
[ERR] (node:10848) [MONGOOSE] Warning: Duplicate schema index on {"slug":1} found. This is often due to declaring an index using both "index: true" and "schema.index()". Please remove the duplicate index definition.
(Use `node --trace-warnings ...` to show where the warning was created)
[ERR] (node:10848) [MONGOOSE] Warning: Duplicate schema index on {"uhid":1} found. This is often due to declaring an index using both "index: true" and "schema.index()". Please remove the duplicate index definition.
[ERR] (node:10848) [MONGOOSE] Warning: Duplicate schema index on {"phone":1} found. This is often due to declaring an index using both "index: true" and "schema.index()". Please remove the duplicate index definition.
[ERR] AggregateError
[ERR] AggregateError
[ERR] AggregateError
[ERR] Error: Connection is closed.
[ERR] AggregateError
[ERR] AggregateError
[ERR] Error: Connection is closed.
[ERR] AggregateError
[ERR] AggregateError
[ERR] (node:14932) [MONGOOSE] Warning: Duplicate schema index on {"slug":1} found. This is often due to declaring an index using both "index: true" and "schema.index()". Please remove the duplicate index definition.
(Use `node --trace-warnings ...` to show where the warning was created)
[ERR] (node:14932) [MONGOOSE] Warning: Duplicate schema index on {"uhid":1} found. This is often due to declaring an index using both "index: true" and "schema.index()". Please remove the duplicate index definition.
[ERR] (node:14932) [MONGOOSE] Warning: Duplicate schema index on {"phone":1} found. This is often due to declaring an index using both "index: true" and "schema.index()". Please remove the duplicate index definition.
[ERR] AggregateError
[ERR] AggregateError
[ERR] AggregateError
[ERR] Error: Connection is closed.
[ERR] AggregateError
[ERR] AggregateError
[ERR] Error: Connection is closed.
[ERR] AggregateError
[ERR] AggregateError
[ERR] (node:15720) [MONGOOSE] Warning: Duplicate schema index on {"slug":1} found. This is often due to declaring an index using both "index: true" and "schema.index()". Please remove the duplicate index definition.
(Use `node --trace-warnings ...` to show where the warning was created)
[ERR] (node:15720) [MONGOOSE] Warning: Duplicate schema index on {"uhid":1} found. This is often due to declaring an index using both "index: true" and "schema.index()". Please remove the duplicate index definition.
[ERR] (node:15720) [MONGOOSE] Warning: Duplicate schema index on {"phone":1} found. This is often due to declaring an index using both "index: true" and "schema.index()". Please remove the duplicate index definition.
[ERR] AggregateError
[ERR] AggregateError
[ERR] AggregateError
[ERR] Error: Connection is closed.
[ERR] AggregateError
[ERR] AggregateError
[ERR] Error: Connection is closed.
[ERR] AggregateError
[ERR] AggregateError
[ERR] (node:17036) [MONGOOSE] Warning: Duplicate schema index on {"slug":1} found. This is often due to declaring an index using both "index: true" and "schema.index()". Please remove the duplicate index definition.
(Use `node --trace-warnings ...` to show where the warning was created)
[ERR] (node:17036) [MONGOOSE] Warning: Duplicate schema index on {"uhid":1} found. This is often due to declaring an index using both "index: true" and "schema.index()". Please remove the duplicate index definition.
[ERR] (node:17036) [MONGOOSE] Warning: Duplicate schema index on {"phone":1} found. This is often due to declaring an index using both "index: true" and "schema.index()". Please remove the duplicate index definition.
[ERR] AggregateError
[ERR] AggregateError
[ERR] AggregateError
[ERR] Error: Connection is closed.
[ERR] Error: Connection is closed.
[ERR] AggregateError
[ERR] AggregateError
[ERR] AggregateError
[ERR] AggregateError
[ERR] (node:9720) [MONGOOSE] Warning: Duplicate schema index on {"slug":1} found. This is often due to declaring an index using both "index: true" and "schema.index()". Please remove the duplicate index definition.
(Use `node --trace-warnings ...` to show where the warning was created)
[ERR] (node:9720) [MONGOOSE] Warning: Duplicate schema index on {"uhid":1} found. This is often due to declaring an index using both "index: true" and "schema.index()". Please remove the duplicate index definition.
[ERR] (node:9720) [MONGOOSE] Warning: Duplicate schema index on {"phone":1} found. This is often due to declaring an index using both "index: true" and "schema.index()". Please remove the duplicate index definition.
[ERR] AggregateError
[ERR] AggregateError
[ERR] AggregateError
[ERR] Error: Connection is closed.
[ERR] Error: Connection is closed.
[ERR] AggregateError
[ERR] AggregateError
[ERR] AggregateError
[ERR] AggregateError
[ERR] (node:8260) [MONGOOSE] Warning: Duplicate schema index on {"slug":1} found. This is often due to declaring an index using both "index: true" and "schema.index()". Please remove the duplicate index definition.
(Use `node --trace-warnings ...` to show where the warning was created)
[ERR] (node:8260) [MONGOOSE] Warning: Duplicate schema index on {"uhid":1} found. This is often due to declaring an index using both "index: true" and "schema.index()". Please remove the duplicate index definition.
[ERR] (node:8260) [MONGOOSE] Warning: Duplicate schema index on {"phone":1} found. This is often due to declaring an index using both "index: true" and "schema.index()". Please remove the duplicate index definition.
[ERR] AggregateError
[ERR] AggregateError
[ERR] AggregateError
[ERR] Error: Connection is closed.
[ERR] AggregateError
[ERR] AggregateError
[ERR] Error: Connection is closed.
[ERR] AggregateError
[ERR] AggregateError
[ERR] (node:16064) [MONGOOSE] Warning: Duplicate schema index on {"slug":1} found. This is often due to declaring an index using both "index: true" and "schema.index()". Please remove the duplicate index definition.
(Use `node --trace-warnings ...` to show where the warning was created)
[ERR] (node:16064) [MONGOOSE] Warning: Duplicate schema index on {"uhid":1} found. This is often due to declaring an index using both "index: true" and "schema.index()". Please remove the duplicate index definition.
[ERR] (node:16064) [MONGOOSE] Warning: Duplicate schema index on {"phone":1} found. This is often due to declaring an index using both "index: true" and "schema.index()". Please remove the duplicate index definition.
[ERR] AggregateError
[ERR] AggregateError
[ERR] AggregateError
[ERR] Error: Connection is closed.
[ERR] AggregateError
[ERR] AggregateError
[ERR] Error: Connection is closed.
[ERR] AggregateError
[ERR] AggregateError
[ERR] (node:1340) [MONGOOSE] Warning: Duplicate schema index on {"slug":1} found. This is often due to declaring an index using both "index: true" and "schema.index()". Please remove the duplicate index definition.
(Use `node --trace-warnings ...` to show where the warning was created)
[ERR] (node:1340) [MONGOOSE] Warning: Duplicate schema index on {"uhid":1} found. This is often due to declaring an index using both "index: true" and "schema.index()". Please remove the duplicate index definition.
[ERR] (node:1340) [MONGOOSE] Warning: Duplicate schema index on {"phone":1} found. This is often due to declaring an index using both "index: true" and "schema.index()". Please remove the duplicate index definition.
[ERR] AggregateError
[ERR] AggregateError
[ERR] AggregateError
[ERR] Error: Connection is closed.
[ERR] AggregateError
[ERR] AggregateError
[ERR] Error: Connection is closed.
[ERR] AggregateError
[ERR] AggregateError
[ERR] (node:16844) [MONGOOSE] Warning: Duplicate schema index on {"slug":1} found. This is often due to declaring an index using both "index: true" and "schema.index()". Please remove the duplicate index definition.
(Use `node --trace-warnings ...` to show where the warning was created)
[ERR] (node:16844) [MONGOOSE] Warning: Duplicate schema index on {"uhid":1} found. This is often due to declaring an index using both "index: true" and "schema.index()". Please remove the duplicate index definition.
[ERR] (node:16844) [MONGOOSE] Warning: Duplicate schema index on {"phone":1} found. This is often due to declaring an index using both "index: true" and "schema.index()". Please remove the duplicate index definition.
[ERR] AggregateError
[ERR] AggregateError
[ERR] AggregateError
[ERR] Error: Connection is closed.
[ERR] Error: Connection is closed.
[ERR] AggregateError
[ERR] AggregateError
[ERR] AggregateError
[ERR] AggregateError
[ERR] (node:9868) [MONGOOSE] Warning: Duplicate schema index on {"slug":1} found. This is often due to declaring an index using both "index: true" and "schema.index()". Please remove the duplicate index definition.
(Use `node --trace-warnings ...` to show where the warning was created)
[ERR] (node:9868) [MONGOOSE] Warning: Duplicate schema index on {"uhid":1} found. This is often due to declaring an index using both "index: true" and "schema.index()". Please remove the duplicate index definition.
[ERR] (node:9868) [MONGOOSE] Warning: Duplicate schema index on {"phone":1} found. This is often due to declaring an index using both "index: true" and "schema.index()". Please remove the duplicate index definition.
[ERR] AggregateError
[ERR] AggregateError
[ERR] AggregateError
[ERR] Error: Connection is closed.
[ERR] Error: Connection is closed.
[ERR] AggregateError
[ERR] AggregateError
[ERR] AggregateError
[ERR] AggregateError
[ERR] (node:14864) [MONGOOSE] Warning: Duplicate schema index on {"slug":1} found. This is often due to declaring an index using both "index: true" and "schema.index()". Please remove the duplicate index definition.
(Use `node --trace-warnings ...` to show where the warning was created)
[ERR] (node:14864) [MONGOOSE] Warning: Duplicate schema index on {"uhid":1} found. This is often due to declaring an index using both "index: true" and "schema.index()". Please remove the duplicate index definition.
[ERR] (node:14864) [MONGOOSE] Warning: Duplicate schema index on {"phone":1} found. This is often due to declaring an index using both "index: true" and "schema.index()". Please remove the duplicate index definition.
[ERR] AggregateError
[ERR] AggregateError
[ERR] AggregateError
[ERR] Error: Connection is closed.
[ERR] AggregateError
[ERR] AggregateError
[ERR] Error: Connection is closed.
[ERR] AggregateError
[ERR] AggregateError
[ERR] (node:18784) [MONGOOSE] Warning: Duplicate schema index on {"slug":1} found. This is often due to declaring an index using both "index: true" and "schema.index()". Please remove the duplicate index definition.
(Use `node --trace-warnings ...` to show where the warning was created)
[ERR] (node:18784) [MONGOOSE] Warning: Duplicate schema index on {"uhid":1} found. This is often due to declaring an index using both "index: true" and "schema.index()". Please remove the duplicate index definition.
[ERR] (node:18784) [MONGOOSE] Warning: Duplicate schema index on {"phone":1} found. This is often due to declaring an index using both "index: true" and "schema.index()". Please remove the duplicate index definition.
[ERR] AggregateError
[ERR] AggregateError
[ERR] AggregateError
[ERR] Error: Connection is closed.
[ERR] AggregateError
[ERR] AggregateError
[ERR] Error: Connection is closed.
[ERR] AggregateError
[ERR] AggregateError
[ERR] (node:17692) [MONGOOSE] Warning: Duplicate schema index on {"slug":1} found. This is often due to declaring an index using both "index: true" and "schema.index()". Please remove the duplicate index definition.
(Use `node --trace-warnings ...` to show where the warning was created)
[ERR] (node:17692) [MONGOOSE] Warning: Duplicate schema index on {"uhid":1} found. This is often due to declaring an index using both "index: true" and "schema.index()". Please remove the duplicate index definition.
[ERR] (node:17692) [MONGOOSE] Warning: Duplicate schema index on {"phone":1} found. This is often due to declaring an index using both "index: true" and "schema.index()". Please remove the duplicate index definition.
[ERR] AggregateError
[ERR] AggregateError
[ERR] AggregateError
[ERR] Error: Connection is closed.
[ERR] AggregateError
[ERR] AggregateError
[ERR] Error: Connection is closed.
[ERR] AggregateError
[ERR] AggregateError
[ERR] (node:17852) [MONGOOSE] Warning: Duplicate schema index on {"slug":1} found. This is often due to declaring an index using both "index: true" and "schema.index()". Please remove the duplicate index definition.
(Use `node --trace-warnings ...` to show where the warning was created)
[ERR] (node:17852) [MONGOOSE] Warning: Duplicate schema index on {"uhid":1} found. This is often due to declaring an index using both "index: true" and "schema.index()". Please remove the duplicate index definition.
[ERR] (node:17852) [MONGOOSE] Warning: Duplicate schema index on {"phone":1} found. This is often due to declaring an index using both "index: true" and "schema.index()". Please remove the duplicate index definition.
[ERR] AggregateError
[ERR] AggregateError
[ERR] AggregateError
[ERR] Error: Connection is closed.
[ERR] Error: Connection is closed.
[ERR] AggregateError
[ERR] AggregateError
[ERR] AggregateError
[ERR] AggregateError
[ERR] (node:12932) [MONGOOSE] Warning: Duplicate schema index on {"slug":1} found. This is often due to declaring an index using both "index: true" and "schema.index()". Please remove the duplicate index definition.
(Use `node --trace-warnings ...` to show where the warning was created)
[ERR] (node:12932) [MONGOOSE] Warning: Duplicate schema index on {"uhid":1} found. This is often due to declaring an index using both "index: true" and "schema.index()". Please remove the duplicate index definition.
[ERR] (node:12932) [MONGOOSE] Warning: Duplicate schema index on {"phone":1} found. This is often due to declaring an index using both "index: true" and "schema.index()". Please remove the duplicate index definition.
[ERR] AggregateError
[ERR] AggregateError
[ERR] AggregateError
[ERR] Error: Connection is closed.
[ERR] Error: Connection is closed.
[ERR] AggregateError
[ERR] AggregateError
[ERR] AggregateError
[ERR] AggregateError
[ERR] (node:4736) [MONGOOSE] Warning: Duplicate schema index on {"slug":1} found. This is often due to declaring an index using both "index: true" and "schema.index()". Please remove the duplicate index definition.
(Use `node --trace-warnings ...` to show where the warning was created)
[ERR] (node:4736) [MONGOOSE] Warning: Duplicate schema index on {"uhid":1} found. This is often due to declaring an index using both "index: true" and "schema.index()". Please remove the duplicate index definition.
[ERR] (node:4736) [MONGOOSE] Warning: Duplicate schema index on {"phone":1} found. This is often due to declaring an index using both "index: true" and "schema.index()". Please remove the duplicate index definition.
[ERR] AggregateError
[ERR] AggregateError
[ERR] AggregateError
[ERR] Error: Connection is closed.
[ERR] Error: Connection is closed.
[ERR] AggregateError
[ERR] AggregateError
[ERR] AggregateError
[ERR] AggregateError
[ERR] (node:15424) [MONGOOSE] Warning: Duplicate schema index on {"slug":1} found. This is often due to declaring an index using both "index: true" and "schema.index()". Please remove the duplicate index definition.
(Use `node --trace-warnings ...` to show where the warning was created)
[ERR] (node:15424) [MONGOOSE] Warning: Duplicate schema index on {"uhid":1} found. This is often due to declaring an index using both "index: true" and "schema.index()". Please remove the duplicate index definition.
[ERR] (node:15424) [MONGOOSE] Warning: Duplicate schema index on {"phone":1} found. This is often due to declaring an index using both "index: true" and "schema.index()". Please remove the duplicate index definition.
[ERR] AggregateError
[ERR] AggregateError
[ERR] AggregateError
[ERR] Error: Connection is closed.
[ERR] Error: Connection is closed.
[ERR] AggregateError
[ERR] AggregateError
